2026-06-12 23:00:56 - KEY PRESSED: [l]
2026-06-12 23:01:00 - KEY PRESSED: [a]
2026-06-12 23:01:01 - KEY PRESSED: [b]
2026-06-12 23:01:01 - KEY PRESSED: [h]
2026-06-12 23:01:02 - KEY PRESSED: [i]
2026-06-12 23:01:02 - KEY PRESSED: [s]
2026-06-12 23:01:03 - KEY PRESSED: [h]
2026-06-12 23:01:03 - KEY PRESSED: [i]
2026-06-12 23:01:03 - KEY PRESSED: [t]
2026-06-12 23:01:03 - KEY PRESSED: [h]
2026-06-12 23:01:04 - KEY PRESSED: [Shift_L]
2026-06-12 23:01:05 - KEY PRESSED: [at]
2026-06-12 23:01:08 - KEY PRESSED: [g]
2026-06-12 23:01:08 - KEY PRESSED: [m]
2026-06-12 23:01:08 - KEY PRESSED: [a]
2026-06-12 23:01:08 - KEY PRESSED: [i]
2026-06-12 23:01:08 - KEY PRESSED: [l]
2026-06-12 23:01:09 - KEY PRESSED: [period]
2026-06-12 23:01:09 - KEY PRESSED: [c]
2026-06-12 23:01:09 - KEY PRESSED: [o]
2026-06-12 23:01:09 - KEY PRESSED: [m]
2026-06-12 23:01:11 - KEY PRESSED: [h]
2026-06-12 23:01:11 - KEY PRESSED: [e]
2026-06-12 23:01:11 - KEY PRESSED: [l]
2026-06-12 23:01:12 - KEY PRESSED: [l]
2026-06-12 23:01:12 - KEY PRESSED: [o]
